Building DAG of jobs...
Using shell: /usr/bin/bash
Provided cores: 1 (use --cores to define parallelism)
Rules claiming more threads will be scaled down.
Job stats:
job            count
-----------  -------
all                1
concatenate        1
total              2

Select jobs to execute...

[Wed May  6 14:19:23 2026]
rule concatenate:
    input: file1.txt, file2.txt
    output: my_final_file.txt
    jobid: 1
    reason: Updated input files: file2.txt
    resources: tmpdir=/tmp

[Wed May  6 14:19:23 2026]
Finished job 1.
1 of 2 steps (50%) done
Select jobs to execute...

[Wed May  6 14:19:23 2026]
localrule all:
    input: my_final_file.txt
    jobid: 0
    reason: Input files updated by another job: my_final_file.txt
    resources: tmpdir=/tmp

[Wed May  6 14:19:23 2026]
Finished job 0.
2 of 2 steps (100%) done
Complete log: .snakemake/log/2026-05-06T141923.257648.snakemake.log
