Building DAG of jobs...
Using shell: /usr/bin/bash
Provided cores: 1 (use --cores to define parallelism)
Rules claiming more threads will be scaled down.
Job stats:
job            count
-----------  -------
all                1
concatenate        1
revert             1
total              3

Select jobs to execute...

[Wed May  6 14:58:41 2026]
rule concatenate:
    input: file1.txt, file2.txt
    output: concat_files_1_2.txt
    jobid: 2
    reason: Missing output files: concat_files_1_2.txt
    resources: tmpdir=/tmp

[Wed May  6 14:58:41 2026]
Finished job 2.
1 of 3 steps (33%) done
Select jobs to execute...

[Wed May  6 14:58:41 2026]
rule revert:
    input: concat_files_1_2.txt
    output: reverted.txt
    jobid: 1
    reason: Missing output files: reverted.txt; Input files updated by another job: concat_files_1_2.txt
    resources: tmpdir=/tmp

[Wed May  6 14:58:41 2026]
Finished job 1.
2 of 3 steps (67%) done
Select jobs to execute...

[Wed May  6 14:58:41 2026]
localrule all:
    input: reverted.txt
    jobid: 0
    reason: Input files updated by another job: reverted.txt
    resources: tmpdir=/tmp

[Wed May  6 14:58:41 2026]
Finished job 0.
3 of 3 steps (100%) done
Complete log: .snakemake/log/2026-05-06T145841.228750.snakemake.log
